// Jest Snapshot v1, https://goo.gl/fbAQLP

exports[`should render AccountsPage correctly 1`] = `
<div>
  <Connect(AccountList) />
</div>
`;
