// Jest Snapshot v1, https://goo.gl/fbAQLP

exports[`should render EditExpensePage correctly 1`] = `
<div>
  <div
    className="page-header"
  >
    <div
      className="content-container"
    >
      <h2
        className="page-header__title"
      >
        Edit Expense
      </h2>
    </div>
  </div>
  <div
    className="content-container"
  >
    <Connect(ExpenseForm)
      expense={
        Object {
          "account": Object {
            "id": "1",
            "name": "Account 1",
          },
          "amount": 30000,
          "createdAt": 2000,
          "description": "Expense 1",
          "id": "1",
          "notes": "Water bill",
        }
      }
      id="expenseForm"
      onSubmit={[Function]}
    />
    <button
      className="button button--secondary"
      onClick={[Function]}
    >
      Remove Expense
    </button>
  </div>
  <ConfirmModal
    id="confirmModal"
    isOpen={false}
    messageBody="Are you sure you want to remove this item?"
    messageTitle="Remove Expense!"
    onModalClose={[Function]}
    onModalOk={[Function]}
  />
</div>
`;
