// Jest Snapshot v1, https://goo.gl/fbAQLP

exports[`should render expense list with empty message 1`] = `
<div
  className="content-container"
>
  <div
    className="list-header"
  >
    <div
      className="show-for-mobile"
    >
      Expenses
    </div>
    <div
      className="show-for-desktop"
    >
      Expense
    </div>
    <div
      className="show-for-desktop"
    >
      Amount
    </div>
  </div>
  <div
    className="list-body"
  >
    <div
      className="list-item list-item--message"
    >
      <span>
        No Expenses
      </span>
    </div>
  </div>
</div>
`;

exports[`should render expense list with expenses 1`] = `
<div
  className="content-container"
>
  <div
    className="list-header"
  >
    <div
      className="show-for-mobile"
    >
      Expenses
    </div>
    <div
      className="show-for-desktop"
    >
      Expense
    </div>
    <div
      className="show-for-desktop"
    >
      Amount
    </div>
  </div>
  <div
    className="list-body"
  >
    <ExpenseListItem
      account={
        Object {
          "id": "1",
          "name": "Account 1",
        }
      }
      amount={30000}
      createdAt={2000}
      description="Expense 1"
      id="1"
      key="1"
      notes="Water bill"
    />
    <ExpenseListItem
      account={
        Object {
          "id": "2",
          "name": "Account 2",
        }
      }
      amount={20000}
      createdAt={1000}
      description="Expense 2"
      id="2"
      key="2"
      notes="Gas bill"
    />
    <ExpenseListItem
      account={
        Object {
          "id": "3",
          "name": "Account 3",
        }
      }
      amount={40000}
      createdAt={4000}
      description="Expense 3"
      id="3"
      key="3"
      notes="Apartment Rent"
    />
    <ExpenseListItem
      account={
        Object {
          "id": "4",
          "name": "Account 4",
        }
      }
      amount={10000}
      createdAt={3000}
      description="Expense 4"
      id="4"
      key="4"
      notes="power bill"
    />
  </div>
</div>
`;
